
> travosy@1.5.0 build
> next build

   ▲ Next.js 15.3.6
   - Environments: .env.local

   Creating an optimized production build ...
 ✓ Compiled successfully in 2000ms
   Linting and checking validity of types ...
   Collecting page data ...
   Generating static pages (0/37) ...
Error occurred prerendering page "/tours/uluwatu-sunset-tour". Read more: https://nextjs.org/docs/messages/prerender-error
TypeError: a.productData.price?.replace is not a function
    at N (C:\Users\Dekna\Documents\Rukmana Bali Tour Arsip\Project Website\rukmanabalitour\.next\server\app\[type]\[slug]\page.js:1:182409)
Export encountered an error on /[type]/[slug]/page: /tours/uluwatu-sunset-tour, exiting the build.
 ⨯ Next.js build worker exited with code: 1 and signal: null
